Archive member included to satisfy reference by file (symbol)

/opt/wch/RISC-V Embedded GCC/bin/../lib/gcc/riscv-none-embed/8.2.0/rv32ec/ilp32e/libgcc.a(save-restore.o)
                              ./build/src/main.o (__riscv_save_2)
/opt/wch/RISC-V Embedded GCC/bin/../lib/gcc/riscv-none-embed/8.2.0/rv32ec/ilp32e/libgcc.a(muldi3.o)
                              ./build/drivers/ili9341.o (__mulsi3)
/opt/wch/RISC-V Embedded GCC/bin/../lib/gcc/riscv-none-embed/8.2.0/rv32ec/ilp32e/libgcc.a(div.o)
                              ./build/src/delay.o (__udivsi3)
/opt/wch/RISC-V Embedded GCC/bin/../lib/gcc/riscv-none-embed/8.2.0/../../../../riscv-none-embed/lib/rv32ec/ilp32e/libg_nano.a(lib_a-rand.o)
                              ./build/src/main.o (rand)
/opt/wch/RISC-V Embedded GCC/bin/../lib/gcc/riscv-none-embed/8.2.0/../../../../riscv-none-embed/lib/rv32ec/ilp32e/libg_nano.a(lib_a-impure.o)
                              /opt/wch/RISC-V Embedded GCC/bin/../lib/gcc/riscv-none-embed/8.2.0/../../../../riscv-none-embed/lib/rv32ec/ilp32e/libg_nano.a(lib_a-rand.o) (_impure_ptr)
/opt/wch/RISC-V Embedded GCC/bin/../lib/gcc/riscv-none-embed/8.2.0/../../../../riscv-none-embed/lib/rv32ec/ilp32e/libg_nano.a(lib_a-malloc.o)
                              /opt/wch/RISC-V Embedded GCC/bin/../lib/gcc/riscv-none-embed/8.2.0/../../../../riscv-none-embed/lib/rv32ec/ilp32e/libg_nano.a(lib_a-rand.o) (malloc)
/opt/wch/RISC-V Embedded GCC/bin/../lib/gcc/riscv-none-embed/8.2.0/../../../../riscv-none-embed/lib/rv32ec/ilp32e/libg_nano.a(lib_a-nano-freer.o)
                              /opt/wch/RISC-V Embedded GCC/bin/../lib/gcc/riscv-none-embed/8.2.0/../../../../riscv-none-embed/lib/rv32ec/ilp32e/libg_nano.a(lib_a-malloc.o) (_free_r)
/opt/wch/RISC-V Embedded GCC/bin/../lib/gcc/riscv-none-embed/8.2.0/../../../../riscv-none-embed/lib/rv32ec/ilp32e/libg_nano.a(lib_a-nano-mallocr.o)
                              /opt/wch/RISC-V Embedded GCC/bin/../lib/gcc/riscv-none-embed/8.2.0/../../../../riscv-none-embed/lib/rv32ec/ilp32e/libg_nano.a(lib_a-malloc.o) (_malloc_r)
/opt/wch/RISC-V Embedded GCC/bin/../lib/gcc/riscv-none-embed/8.2.0/../../../../riscv-none-embed/lib/rv32ec/ilp32e/libg_nano.a(lib_a-sbrkr.o)
                              /opt/wch/RISC-V Embedded GCC/bin/../lib/gcc/riscv-none-embed/8.2.0/../../../../riscv-none-embed/lib/rv32ec/ilp32e/libg_nano.a(lib_a-nano-mallocr.o) (_sbrk_r)
/opt/wch/RISC-V Embedded GCC/bin/../lib/gcc/riscv-none-embed/8.2.0/../../../../riscv-none-embed/lib/rv32ec/ilp32e/libg_nano.a(lib_a-mlock.o)
                              /opt/wch/RISC-V Embedded GCC/bin/../lib/gcc/riscv-none-embed/8.2.0/../../../../riscv-none-embed/lib/rv32ec/ilp32e/libg_nano.a(lib_a-nano-freer.o) (__malloc_lock)
/opt/wch/RISC-V Embedded GCC/bin/../lib/gcc/riscv-none-embed/8.2.0/../../../../riscv-none-embed/lib/rv32ec/ilp32e/libg_nano.a(lib_a-reent.o)
                              /opt/wch/RISC-V Embedded GCC/bin/../lib/gcc/riscv-none-embed/8.2.0/../../../../riscv-none-embed/lib/rv32ec/ilp32e/libg_nano.a(lib_a-sbrkr.o) (errno)
/opt/wch/RISC-V Embedded GCC/bin/../lib/gcc/riscv-none-embed/8.2.0/rv32ec/ilp32e/libgcc.a(multi3.o)
                              /opt/wch/RISC-V Embedded GCC/bin/../lib/gcc/riscv-none-embed/8.2.0/../../../../riscv-none-embed/lib/rv32ec/ilp32e/libg_nano.a(lib_a-rand.o) (__muldi3)
/opt/wch/RISC-V Embedded GCC/bin/../lib/gcc/riscv-none-embed/8.2.0/../../../../riscv-none-embed/lib/rv32ec/ilp32e/libnosys.a(sbrk.o)
                              /opt/wch/RISC-V Embedded GCC/bin/../lib/gcc/riscv-none-embed/8.2.0/../../../../riscv-none-embed/lib/rv32ec/ilp32e/libg_nano.a(lib_a-sbrkr.o) (_sbrk)

Allocating common symbols
Common symbol       size              file

errno               0x4               /opt/wch/RISC-V Embedded GCC/bin/../lib/gcc/riscv-none-embed/8.2.0/../../../../riscv-none-embed/lib/rv32ec/ilp32e/libg_nano.a(lib_a-reent.o)

Discarded input sections

 .text          0x0000000000000000        0x0 ./build/src/ch32v00x_it.o
 .data          0x0000000000000000        0x0 ./build/src/ch32v00x_it.o
 .bss           0x0000000000000000        0x0 ./build/src/ch32v00x_it.o
 .text          0x0000000000000000        0x0 ./build/src/delay.o
 .data          0x0000000000000000        0x0 ./build/src/delay.o
 .bss           0x0000000000000000        0x0 ./build/src/delay.o
 .text          0x0000000000000000        0x0 ./build/src/main.o
 .data          0x0000000000000000        0x0 ./build/src/main.o
 .bss           0x0000000000000000        0x0 ./build/src/main.o
 .text          0x0000000000000000        0x0 ./build/src/spi.o
 .data          0x0000000000000000        0x0 ./build/src/spi.o
 .bss           0x0000000000000000        0x0 ./build/src/spi.o
 .text.spi_recv8
                0x0000000000000000       0x1e ./build/src/spi.o
 .text          0x0000000000000000        0x0 ./build/src/system_ch32v00x.o
 .data          0x0000000000000000        0x0 ./build/src/system_ch32v00x.o
 .bss           0x0000000000000000        0x0 ./build/src/system_ch32v00x.o
 .text.SystemCoreClockUpdate
                0x0000000000000000       0x7a ./build/src/system_ch32v00x.o
 .data.AHBPrescTable
                0x0000000000000000       0x10 ./build/src/system_ch32v00x.o
 .text          0x0000000000000000        0x0 ./build/src/uart.o
 .data          0x0000000000000000        0x0 ./build/src/uart.o
 .bss           0x0000000000000000        0x0 ./build/src/uart.o
 .text.uart_send_ch
                0x0000000000000000       0x18 ./build/src/uart.o
 .text.uart_send_str
                0x0000000000000000       0x24 ./build/src/uart.o
 .text.uart_recv_ch
                0x0000000000000000       0x1e ./build/src/uart.o
 .text          0x0000000000000000        0x0 ./build/startup_ch32v00x.o
 .data          0x0000000000000000        0x0 ./build/startup_ch32v00x.o
 .bss           0x0000000000000000        0x0 ./build/startup_ch32v00x.o
 .text          0x0000000000000000        0x0 ./build/core/core_riscv.o
 .data          0x0000000000000000        0x0 ./build/core/core_riscv.o
 .bss           0x0000000000000000        0x0 ./build/core/core_riscv.o
 .text.__get_MSTATUS
                0x0000000000000000        0x6 ./build/core/core_riscv.o
 .text.__set_MSTATUS
                0x0000000000000000        0x6 ./build/core/core_riscv.o
 .text.__get_MISA
                0x0000000000000000        0x6 ./build/core/core_riscv.o
 .text.__set_MISA
                0x0000000000000000        0x6 ./build/core/core_riscv.o
 .text.__get_MTVEC
                0x0000000000000000        0x6 ./build/core/core_riscv.o
 .text.__set_MTVEC
                0x0000000000000000        0x6 ./build/core/core_riscv.o
 .text.__get_MSCRATCH
                0x0000000000000000        0x6 ./build/core/core_riscv.o
 .text.__set_MSCRATCH
                0x0000000000000000        0x6 ./build/core/core_riscv.o
 .text.__get_MEPC
                0x0000000000000000        0x6 ./build/core/core_riscv.o
 .text.__set_MEPC
                0x0000000000000000        0x6 ./build/core/core_riscv.o
 .text.__get_MCAUSE
                0x0000000000000000        0x6 ./build/core/core_riscv.o
 .text.__set_MCAUSE
                0x0000000000000000        0x6 ./build/core/core_riscv.o
 .text.__get_MVENDORID
                0x0000000000000000        0x6 ./build/core/core_riscv.o
 .text.__get_MARCHID
                0x0000000000000000        0x6 ./build/core/core_riscv.o
 .text.__get_MIMPID
                0x0000000000000000        0x6 ./build/core/core_riscv.o
 .text.__get_MHARTID
                0x0000000000000000        0x6 ./build/core/core_riscv.o
 .text.__get_SP
                0x0000000000000000        0x4 ./build/core/core_riscv.o
 .debug_info    0x0000000000000000      0x323 ./build/core/core_riscv.o
 .debug_abbrev  0x0000000000000000       0xe0 ./build/core/core_riscv.o
 .debug_aranges
                0x0000000000000000       0xa0 ./build/core/core_riscv.o
 .debug_ranges  0x0000000000000000       0x90 ./build/core/core_riscv.o
 .debug_line    0x0000000000000000      0x3b1 ./build/core/core_riscv.o
 .debug_str     0x0000000000000000      0x27e ./build/core/core_riscv.o
 .comment       0x0000000000000000       0x34 ./build/core/core_riscv.o
 .debug_frame   0x0000000000000000      0x120 ./build/core/core_riscv.o
 .text          0x0000000000000000        0x0 ./build/drivers/fonts.o
 .data          0x0000000000000000        0x0 ./build/drivers/fonts.o
 .bss           0x0000000000000000        0x0 ./build/drivers/fonts.o
 .data.TM_Font_7x10
                0x0000000000000000        0x8 ./build/drivers/fonts.o
 .rodata.TM_Font7x10
                0x0000000000000000      0x76c ./build/drivers/fonts.o
 .text          0x0000000000000000        0x0 ./build/drivers/ili9341.o
 .data          0x0000000000000000        0x0 ./build/drivers/ili9341.o
 .bss           0x0000000000000000        0x0 ./build/drivers/ili9341.o
 .text.ili9341_draw_pixel
                0x0000000000000000       0x34 ./build/drivers/ili9341.o
 .text.ili9341_circle
                0x0000000000000000      0x1de ./build/drivers/ili9341.o
 .text.ili9341_fill_circle
                0x0000000000000000      0x1ae ./build/drivers/ili9341.o
 .text.ili9341_get_font_size
                0x0000000000000000       0x24 ./build/drivers/ili9341.o
 .data          0x0000000000000000        0x0 /opt/wch/RISC-V Embedded GCC/bin/../lib/gcc/riscv-none-embed/8.2.0/rv32ec/ilp32e/libgcc.a(save-restore.o)
 .bss           0x0000000000000000        0x0 /opt/wch/RISC-V Embedded GCC/bin/../lib/gcc/riscv-none-embed/8.2.0/rv32ec/ilp32e/libgcc.a(save-restore.o)
 .eh_frame      0x0000000000000000       0x68 /opt/wch/RISC-V Embedded GCC/bin/../lib/gcc/riscv-none-embed/8.2.0/rv32ec/ilp32e/libgcc.a(save-restore.o)
 .data          0x0000000000000000        0x0 /opt/wch/RISC-V Embedded GCC/bin/../lib/gcc/riscv-none-embed/8.2.0/rv32ec/ilp32e/libgcc.a(muldi3.o)
 .bss           0x0000000000000000        0x0 /opt/wch/RISC-V Embedded GCC/bin/../lib/gcc/riscv-none-embed/8.2.0/rv32ec/ilp32e/libgcc.a(muldi3.o)
 .data          0x0000000000000000        0x0 /opt/wch/RISC-V Embedded GCC/bin/../lib/gcc/riscv-none-embed/8.2.0/rv32ec/ilp32e/libgcc.a(div.o)
 .bss           0x0000000000000000        0x0 /opt/wch/RISC-V Embedded GCC/bin/../lib/gcc/riscv-none-embed/8.2.0/rv32ec/ilp32e/libgcc.a(div.o)
 .text          0x0000000000000000        0x0 /opt/wch/RISC-V Embedded GCC/bin/../lib/gcc/riscv-none-embed/8.2.0/../../../../riscv-none-embed/lib/rv32ec/ilp32e/libg_nano.a(lib_a-rand.o)
 .data          0x0000000000000000        0x0 /opt/wch/RISC-V Embedded GCC/bin/../lib/gcc/riscv-none-embed/8.2.0/../../../../riscv-none-embed/lib/rv32ec/ilp32e/libg_nano.a(lib_a-rand.o)
 .bss           0x0000000000000000        0x0 /opt/wch/RISC-V Embedded GCC/bin/../lib/gcc/riscv-none-embed/8.2.0/../../../../riscv-none-embed/lib/rv32ec/ilp32e/libg_nano.a(lib_a-rand.o)
 .text.srand    0x0000000000000000       0x62 /opt/wch/RISC-V Embedded GCC/bin/../lib/gcc/riscv-none-embed/8.2.0/../../../../riscv-none-embed/lib/rv32ec/ilp32e/libg_nano.a(lib_a-rand.o)
 .text          0x0000000000000000        0x0 /opt/wch/RISC-V Embedded GCC/bin/../lib/gcc/riscv-none-embed/8.2.0/../../../../riscv-none-embed/lib/rv32ec/ilp32e/libg_nano.a(lib_a-impure.o)
 .data          0x0000000000000000        0x0 /opt/wch/RISC-V Embedded GCC/bin/../lib/gcc/riscv-none-embed/8.2.0/../../../../riscv-none-embed/lib/rv32ec/ilp32e/libg_nano.a(lib_a-impure.o)
 .bss           0x0000000000000000        0x0 /opt/wch/RISC-V Embedded GCC/bin/../lib/gcc/riscv-none-embed/8.2.0/../../../../riscv-none-embed/lib/rv32ec/ilp32e/libg_nano.a(lib_a-impure.o)
 .sdata2._global_impure_ptr
                0x0000000000000000        0x4 /opt/wch/RISC-V Embedded GCC/bin/../lib/gcc/riscv-none-embed/8.2.0/../../../../riscv-none-embed/lib/rv32ec/ilp32e/libg_nano.a(lib_a-impure.o)
 .text          0x0000000000000000        0x0 /opt/wch/RISC-V Embedded GCC/bin/../lib/gcc/riscv-none-embed/8.2.0/../../../../riscv-none-embed/lib/rv32ec/ilp32e/libg_nano.a(lib_a-malloc.o)
 .data          0x0000000000000000        0x0 /opt/wch/RISC-V Embedded GCC/bin/../lib/gcc/riscv-none-embed/8.2.0/../../../../riscv-none-embed/lib/rv32ec/ilp32e/libg_nano.a(lib_a-malloc.o)
 .bss           0x0000000000000000        0x0 /opt/wch/RISC-V Embedded GCC/bin/../lib/gcc/riscv-none-embed/8.2.0/../../../../riscv-none-embed/lib/rv32ec/ilp32e/libg_nano.a(lib_a-malloc.o)
 .text.free     0x0000000000000000       0x14 /opt/wch/RISC-V Embedded GCC/bin/../lib/gcc/riscv-none-embed/8.2.0/../../../../riscv-none-embed/lib/rv32ec/ilp32e/libg_nano.a(lib_a-malloc.o)
 .text          0x0000000000000000        0x0 /opt/wch/RISC-V Embedded GCC/bin/../lib/gcc/riscv-none-embed/8.2.0/../../../../riscv-none-embed/lib/rv32ec/ilp32e/libg_nano.a(lib_a-nano-freer.o)
 .data          0x0000000000000000        0x0 /opt/wch/RISC-V Embedded GCC/bin/../lib/gcc/riscv-none-embed/8.2.0/../../../../riscv-none-embed/lib/rv32ec/ilp32e/libg_nano.a(lib_a-nano-freer.o)
 .bss           0x0000000000000000        0x0 /opt/wch/RISC-V Embedded GCC/bin/../lib/gcc/riscv-none-embed/8.2.0/../../../../riscv-none-embed/lib/rv32ec/ilp32e/libg_nano.a(lib_a-nano-freer.o)
 .text._free_r  0x0000000000000000       0xb8 /opt/wch/RISC-V Embedded GCC/bin/../lib/gcc/riscv-none-embed/8.2.0/../../../../riscv-none-embed/lib/rv32ec/ilp32e/libg_nano.a(lib_a-nano-freer.o)
 .debug_frame   0x0000000000000000       0x40 /opt/wch/RISC-V Embedded GCC/bin/../lib/gcc/riscv-none-embed/8.2.0/../../../../riscv-none-embed/lib/rv32ec/ilp32e/libg_nano.a(lib_a-nano-freer.o)
 .text          0x0000000000000000        0x0 /opt/wch/RISC-V Embedded GCC/bin/../lib/gcc/riscv-none-embed/8.2.0/../../../../riscv-none-embed/lib/rv32ec/ilp32e/libg_nano.a(lib_a-nano-mallocr.o)
 .data          0x0000000000000000        0x0 /opt/wch/RISC-V Embedded GCC/bin/../lib/gcc/riscv-none-embed/8.2.0/../../../../riscv-none-embed/lib/rv32ec/ilp32e/libg_nano.a(lib_a-nano-mallocr.o)
 .bss           0x0000000000000000        0x0 /opt/wch/RISC-V Embedded GCC/bin/../lib/gcc/riscv-none-embed/8.2.0/../../../../riscv-none-embed/lib/rv32ec/ilp32e/libg_nano.a(lib_a-nano-mallocr.o)
 .text          0x0000000000000000        0x0 /opt/wch/RISC-V Embedded GCC/bin/../lib/gcc/riscv-none-embed/8.2.0/../../../../riscv-none-embed/lib/rv32ec/ilp32e/libg_nano.a(lib_a-sbrkr.o)
 .data          0x0000000000000000        0x0 /opt/wch/RISC-V Embedded GCC/bin/../lib/gcc/riscv-none-embed/8.2.0/../../../../riscv-none-embed/lib/rv32ec/ilp32e/libg_nano.a(lib_a-sbrkr.o)
 .bss           0x0000000000000000        0x0 /opt/wch/RISC-V Embedded GCC/bin/../lib/gcc/riscv-none-embed/8.2.0/../../../../riscv-none-embed/lib/rv32ec/ilp32e/libg_nano.a(lib_a-sbrkr.o)
 .text          0x0000000000000000        0x0 /opt/wch/RISC-V Embedded GCC/bin/../lib/gcc/riscv-none-embed/8.2.0/../../../../riscv-none-embed/lib/rv32ec/ilp32e/libg_nano.a(lib_a-mlock.o)
 .data          0x0000000000000000        0x0 /opt/wch/RISC-V Embedded GCC/bin/../lib/gcc/riscv-none-embed/8.2.0/../../../../riscv-none-embed/lib/rv32ec/ilp32e/libg_nano.a(lib_a-mlock.o)
 .bss           0x0000000000000000        0x0 /opt/wch/RISC-V Embedded GCC/bin/../lib/gcc/riscv-none-embed/8.2.0/../../../../riscv-none-embed/lib/rv32ec/ilp32e/libg_nano.a(lib_a-mlock.o)
 .text          0x0000000000000000        0x0 /opt/wch/RISC-V Embedded GCC/bin/../lib/gcc/riscv-none-embed/8.2.0/../../../../riscv-none-embed/lib/rv32ec/ilp32e/libg_nano.a(lib_a-reent.o)
 .data          0x0000000000000000        0x0 /opt/wch/RISC-V Embedded GCC/bin/../lib/gcc/riscv-none-embed/8.2.0/../../../../riscv-none-embed/lib/rv32ec/ilp32e/libg_nano.a(lib_a-reent.o)
 .bss           0x0000000000000000        0x0 /opt/wch/RISC-V Embedded GCC/bin/../lib/gcc/riscv-none-embed/8.2.0/../../../../riscv-none-embed/lib/rv32ec/ilp32e/libg_nano.a(lib_a-reent.o)
 .text.cleanup_glue
                0x0000000000000000       0x2c /opt/wch/RISC-V Embedded GCC/bin/../lib/gcc/riscv-none-embed/8.2.0/../../../../riscv-none-embed/lib/rv32ec/ilp32e/libg_nano.a(lib_a-reent.o)
 .text._reclaim_reent
                0x0000000000000000      0x102 /opt/wch/RISC-V Embedded GCC/bin/../lib/gcc/riscv-none-embed/8.2.0/../../../../riscv-none-embed/lib/rv32ec/ilp32e/libg_nano.a(lib_a-reent.o)
 .text          0x0000000000000000        0x0 /opt/wch/RISC-V Embedded GCC/bin/../lib/gcc/riscv-none-embed/8.2.0/rv32ec/ilp32e/libgcc.a(multi3.o)
 .data          0x0000000000000000        0x0 /opt/wch/RISC-V Embedded GCC/bin/../lib/gcc/riscv-none-embed/8.2.0/rv32ec/ilp32e/libgcc.a(multi3.o)
 .bss           0x0000000000000000        0x0 /opt/wch/RISC-V Embedded GCC/bin/../lib/gcc/riscv-none-embed/8.2.0/rv32ec/ilp32e/libgcc.a(multi3.o)
 .text          0x0000000000000000        0x0 /opt/wch/RISC-V Embedded GCC/bin/../lib/gcc/riscv-none-embed/8.2.0/../../../../riscv-none-embed/lib/rv32ec/ilp32e/libnosys.a(sbrk.o)
 .data          0x0000000000000000        0x0 /opt/wch/RISC-V Embedded GCC/bin/../lib/gcc/riscv-none-embed/8.2.0/../../../../riscv-none-embed/lib/rv32ec/ilp32e/libnosys.a(sbrk.o)
 .bss           0x0000000000000000        0x0 /opt/wch/RISC-V Embedded GCC/bin/../lib/gcc/riscv-none-embed/8.2.0/../../../../riscv-none-embed/lib/rv32ec/ilp32e/libnosys.a(sbrk.o)

Memory Configuration

Name             Origin             Length             Attributes
FLASH            0x0000000000000000 0x0000000000004000 xr
RAM              0x0000000020000000 0x0000000000000800 xrw
*default*        0x0000000000000000 0xffffffffffffffff

Linker script and memory map

LOAD ./build/src/ch32v00x_it.o
LOAD ./build/src/delay.o
LOAD ./build/src/main.o
LOAD ./build/src/spi.o
LOAD ./build/src/system_ch32v00x.o
LOAD ./build/src/uart.o
LOAD ./build/startup_ch32v00x.o
LOAD ./build/core/core_riscv.o
LOAD ./build/drivers/fonts.o
LOAD ./build/drivers/ili9341.o
LOAD /opt/wch/RISC-V Embedded GCC/bin/../lib/gcc/riscv-none-embed/8.2.0/rv32ec/ilp32e/libgcc.a
LOAD /opt/wch/RISC-V Embedded GCC/bin/../lib/gcc/riscv-none-embed/8.2.0/../../../../riscv-none-embed/lib/rv32ec/ilp32e/libg_nano.a
LOAD /opt/wch/RISC-V Embedded GCC/bin/../lib/gcc/riscv-none-embed/8.2.0/../../../../riscv-none-embed/lib/rv32ec/ilp32e/libc_nano.a
LOAD /opt/wch/RISC-V Embedded GCC/bin/../lib/gcc/riscv-none-embed/8.2.0/rv32ec/ilp32e/libgcc.a
START GROUP
LOAD /opt/wch/RISC-V Embedded GCC/bin/../lib/gcc/riscv-none-embed/8.2.0/rv32ec/ilp32e/libgcc.a
LOAD /opt/wch/RISC-V Embedded GCC/bin/../lib/gcc/riscv-none-embed/8.2.0/../../../../riscv-none-embed/lib/rv32ec/ilp32e/libc_nano.a
LOAD /opt/wch/RISC-V Embedded GCC/bin/../lib/gcc/riscv-none-embed/8.2.0/../../../../riscv-none-embed/lib/rv32ec/ilp32e/libnosys.a
END GROUP
START GROUP
LOAD /opt/wch/RISC-V Embedded GCC/bin/../lib/gcc/riscv-none-embed/8.2.0/rv32ec/ilp32e/libgcc.a
LOAD /opt/wch/RISC-V Embedded GCC/bin/../lib/gcc/riscv-none-embed/8.2.0/../../../../riscv-none-embed/lib/rv32ec/ilp32e/libc_nano.a
LOAD /opt/wch/RISC-V Embedded GCC/bin/../lib/gcc/riscv-none-embed/8.2.0/../../../../riscv-none-embed/lib/rv32ec/ilp32e/libnosys.a
END GROUP
                0x0000000000000100                __stack_size = 0x100
                [!provide]                        PROVIDE (_stack_size = __stack_size)

.init           0x0000000000000000       0xa0
                0x0000000000000000                _sinit = .
                0x0000000000000000                . = ALIGN (0x4)
 *(SORT_NONE(.init))
 .init          0x0000000000000000       0x9e ./build/startup_ch32v00x.o
                0x0000000000000000                _start
                0x00000000000000a0                . = ALIGN (0x4)
 *fill*         0x000000000000009e        0x2 
                0x00000000000000a0                _einit = .

.text           0x00000000000000a0     0x3420
                0x00000000000000a0                . = ALIGN (0x4)
 *(.text)
 .text          0x00000000000000a0       0x14 /opt/wch/RISC-V Embedded GCC/bin/../lib/gcc/riscv-none-embed/8.2.0/rv32ec/ilp32e/libgcc.a(save-restore.o)
                0x00000000000000a0                __riscv_save_1
                0x00000000000000a0                __riscv_save_2
                0x00000000000000a0                __riscv_save_0
                0x00000000000000aa                __riscv_restore_2
                0x00000000000000aa                __riscv_restore_0
                0x00000000000000aa                __riscv_restore_1
 .text          0x00000000000000b4       0x16 /opt/wch/RISC-V Embedded GCC/bin/../lib/gcc/riscv-none-embed/8.2.0/rv32ec/ilp32e/libgcc.a(muldi3.o)
                0x00000000000000b4                __mulsi3
 *fill*         0x00000000000000ca        0x2 
 .text          0x00000000000000cc       0x7e /opt/wch/RISC-V Embedded GCC/bin/../lib/gcc/riscv-none-embed/8.2.0/rv32ec/ilp32e/libgcc.a(div.o)
                0x00000000000000cc                __divsi3
                0x00000000000000d4                __udivsi3
                0x0000000000000100                __umodsi3
                0x0000000000000124                __modsi3
 *(.text.*)
 .text.NMI_Handler
                0x000000000000014a        0x4 ./build/src/ch32v00x_it.o
                0x000000000000014a                NMI_Handler
 .text.HardFault_Handler
                0x000000000000014e        0x2 ./build/src/ch32v00x_it.o
                0x000000000000014e                HardFault_Handler
 .text.SysTick_Handler
                0x0000000000000150       0x1c ./build/src/ch32v00x_it.o
                0x0000000000000150                SysTick_Handler
 .text.delay_init
                0x000000000000016c       0x34 ./build/src/delay.o
                0x000000000000016c                delay_init
 .text.delay_ms
                0x00000000000001a0       0x14 ./build/src/delay.o
                0x00000000000001a0                delay_ms
 .text.startup.main
                0x00000000000001b4      0x3f6 ./build/src/main.o
                0x00000000000001b4                main
 .text.spi_init
                0x00000000000005aa       0x78 ./build/src/spi.o
                0x00000000000005aa                spi_init
 .text.spi_send8
                0x0000000000000622       0x24 ./build/src/spi.o
                0x0000000000000622                spi_send8
 .text.spi_send16
                0x0000000000000646       0x20 ./build/src/spi.o
                0x0000000000000646                spi_send16
 .text.spi_send_dma16
                0x0000000000000666       0x30 ./build/src/spi.o
                0x0000000000000666                spi_send_dma16
 .text.SystemInit
                0x0000000000000696       0xfe ./build/src/system_ch32v00x.o
                0x0000000000000696                SystemInit
 .text.uart_init
                0x0000000000000794       0x56 ./build/src/uart.o
                0x0000000000000794                uart_init
 .text.vector_handler
                0x00000000000007ea       0x36 ./build/startup_ch32v00x.o
                0x00000000000007f0                SW_Handler
                0x00000000000007f2                WWDG_IRQHandler
                0x00000000000007f4                PVD_IRQHandler
                0x00000000000007f6                FLASH_IRQHandler
                0x00000000000007f8                RCC_IRQHandler
                0x00000000000007fa                EXTI7_0_IRQHandler
                0x00000000000007fc                AWU_IRQHandler
                0x00000000000007fe                DMA1_Channel1_IRQHandler
                0x0000000000000800                DMA1_Channel2_IRQHandler
                0x0000000000000802                DMA1_Channel3_IRQHandler
                0x0000000000000804                DMA1_Channel4_IRQHandler
                0x0000000000000806                DMA1_Channel5_IRQHandler
                0x0000000000000808                DMA1_Channel6_IRQHandler
                0x000000000000080a                DMA1_Channel7_IRQHandler
                0x000000000000080c                ADC1_IRQHandler
                0x000000000000080e                I2C1_EV_IRQHandler
                0x0000000000000810                I2C1_ER_IRQHandler
                0x0000000000000812                USART1_IRQHandler
                0x0000000000000814                SPI1_IRQHandler
                0x0000000000000816                TIM1_BRK_IRQHandler
                0x0000000000000818                TIM1_UP_IRQHandler
                0x000000000000081a                TIM1_TRG_COM_IRQHandler
                0x000000000000081c                TIM1_CC_IRQHandler
                0x000000000000081e                TIM2_IRQHandler
 .text.handle_reset
                0x0000000000000820       0x7c ./build/startup_ch32v00x.o
                0x0000000000000820                handle_reset
 .text.ili9341_send_data8
                0x000000000000089c       0x30 ./build/drivers/ili9341.o
 .text.ili9341_send_cmd8
                0x00000000000008cc       0x32 ./build/drivers/ili9341.o
 .text.ili9341_send_data16
                0x00000000000008fe       0x34 ./build/drivers/ili9341.o
 .text.ili9341_send_dma_data16
                0x0000000000000932       0x2c ./build/drivers/ili9341.o
 .text.ili9341_init
                0x000000000000095e      0x258 ./build/drivers/ili9341.o
                0x000000000000095e                ili9341_init
 .text.ili9341_cursor_position
                0x0000000000000bb6       0x36 ./build/drivers/ili9341.o
                0x0000000000000bb6                ili9341_cursor_position
 .text.ili9341_fill
                0x0000000000000bec       0x60 ./build/drivers/ili9341.o
                0x0000000000000bec                ili9341_fill
 .text.ili9341_v_line
                0x0000000000000c4c       0x40 ./build/drivers/ili9341.o
                0x0000000000000c4c                ili9341_v_line
 .text.ili9341_h_line
                0x0000000000000c8c       0x40 ./build/drivers/ili9341.o
                0x0000000000000c8c                ili9341_h_line
 .text.ili9341_fill_rectangle
                0x0000000000000ccc       0x54 ./build/drivers/ili9341.o
                0x0000000000000ccc                ili9341_fill_rectangle
 .text.ili9341_rectangle
                0x0000000000000d20       0x4c ./build/drivers/ili9341.o
                0x0000000000000d20                ili9341_rectangle
 .text.ili9341_rotate_display
                0x0000000000000d6c       0x5a ./build/drivers/ili9341.o
                0x0000000000000d6c                ili9341_rotate_display
 .text.ili9341_putc
                0x0000000000000dc6      0x136 ./build/drivers/ili9341.o
                0x0000000000000dc6                ili9341_putc
 .text.ili9341_puts
                0x0000000000000efc       0x86 ./build/drivers/ili9341.o
                0x0000000000000efc                ili9341_puts
 .text.rand     0x0000000000000f82       0x74 /opt/wch/RISC-V Embedded GCC/bin/../lib/gcc/riscv-none-embed/8.2.0/../../../../riscv-none-embed/lib/rv32ec/ilp32e/libg_nano.a(lib_a-rand.o)
                0x0000000000000f82                rand
 .text.malloc   0x0000000000000ff6        0xe /opt/wch/RISC-V Embedded GCC/bin/../lib/gcc/riscv-none-embed/8.2.0/../../../../riscv-none-embed/lib/rv32ec/ilp32e/libg_nano.a(lib_a-malloc.o)
                0x0000000000000ff6                malloc
 .text._malloc_r
                0x0000000000001004       0xd4 /opt/wch/RISC-V Embedded GCC/bin/../lib/gcc/riscv-none-embed/8.2.0/../../../../riscv-none-embed/lib/rv32ec/ilp32e/libg_nano.a(lib_a-nano-mallocr.o)
                0x0000000000001004                _malloc_r
 .text._sbrk_r  0x00000000000010d8       0x28 /opt/wch/RISC-V Embedded GCC/bin/../lib/gcc/riscv-none-embed/8.2.0/../../../../riscv-none-embed/lib/rv32ec/ilp32e/libg_nano.a(lib_a-sbrkr.o)
                0x00000000000010d8                _sbrk_r
 .text.__malloc_lock
                0x0000000000001100        0x2 /opt/wch/RISC-V Embedded GCC/bin/../lib/gcc/riscv-none-embed/8.2.0/../../../../riscv-none-embed/lib/rv32ec/ilp32e/libg_nano.a(lib_a-mlock.o)
                0x0000000000001100                __malloc_lock
 .text.__malloc_unlock
                0x0000000000001102        0x2 /opt/wch/RISC-V Embedded GCC/bin/../lib/gcc/riscv-none-embed/8.2.0/../../../../riscv-none-embed/lib/rv32ec/ilp32e/libg_nano.a(lib_a-mlock.o)
                0x0000000000001102                __malloc_unlock
 .text.__muldi3
                0x0000000000001104       0x6a /opt/wch/RISC-V Embedded GCC/bin/../lib/gcc/riscv-none-embed/8.2.0/rv32ec/ilp32e/libgcc.a(multi3.o)
                0x0000000000001104                __muldi3
 .text._sbrk    0x000000000000116e       0x20 /opt/wch/RISC-V Embedded GCC/bin/../lib/gcc/riscv-none-embed/8.2.0/../../../../riscv-none-embed/lib/rv32ec/ilp32e/libnosys.a(sbrk.o)
                0x000000000000116e                _sbrk
 *(.rodata)
 *(.rodata*)
 *fill*         0x000000000000118e        0x2 
 .rodata.color_arr
                0x0000000000001190       0x20 ./build/src/main.o
                0x0000000000001190                color_arr
 .rodata.main.str1.4
                0x00000000000011b0      0x100 ./build/src/main.o
                                         0xff (size before relaxing)
 .rodata.sample_text
                0x00000000000012b0      0x15f ./build/src/main.o
                0x00000000000012b0                sample_text
 *fill*         0x000000000000140f        0x1 
 .rodata.TM_Font11x18
                0x0000000000001410      0xd5c ./build/drivers/fonts.o
                0x0000000000001410                TM_Font11x18
 .rodata.TM_Font16x26
                0x000000000000216c     0x134c ./build/drivers/fonts.o
                0x000000000000216c                TM_Font16x26
 .rodata.rand.cst8
                0x00000000000034b8        0x8 /opt/wch/RISC-V Embedded GCC/bin/../lib/gcc/riscv-none-embed/8.2.0/../../../../riscv-none-embed/lib/rv32ec/ilp32e/libg_nano.a(lib_a-rand.o)
 *(.gnu.linkonce.t.*)
                0x00000000000034c0                . = ALIGN (0x4)

.rela.dyn       0x00000000000034c0        0x0
 .rela.init     0x00000000000034c0        0x0 ./build/src/ch32v00x_it.o
 .rela.text.handle_reset
                0x00000000000034c0        0x0 ./build/src/ch32v00x_it.o
 .rela.data.impure_data
                0x00000000000034c0        0x0 ./build/src/ch32v00x_it.o
 .rela.text._sbrk_r
                0x00000000000034c0        0x0 ./build/src/ch32v00x_it.o
 .rela.text._sbrk
                0x00000000000034c0        0x0 ./build/src/ch32v00x_it.o

.fini           0x00000000000034c0        0x0
 *(SORT_NONE(.fini))
                0x00000000000034c0                . = ALIGN (0x4)
                [!provide]                        PROVIDE (_etext = .)
                [!provide]                        PROVIDE (_eitcm = .)

.preinit_array  0x00000000000034c0        0x0
                [!provide]                        PROVIDE (__preinit_array_start = .)
 *(.preinit_array)
                [!provide]                        PROVIDE (__preinit_array_end = .)

.init_array     0x00000000000034c0        0x0
                [!provide]                        PROVIDE (__init_array_start = .)
 *(SORT_BY_INIT_PRIORITY(.init_array.*) SORT_BY_INIT_PRIORITY(.ctors.*))
 *(.init_array EXCLUDE_FILE(*crtend?.o *crtend.o *crtbegin?.o *crtbegin.o) .ctors)
                [!provide]                        PROVIDE (__init_array_end = .)

.fini_array     0x00000000000034c0        0x0
                [!provide]                        PROVIDE (__fini_array_start = .)
 *(SORT_BY_INIT_PRIORITY(.fini_array.*) SORT_BY_INIT_PRIORITY(.dtors.*))
 *(.fini_array EXCLUDE_FILE(*crtend?.o *crtend.o *crtbegin?.o *crtbegin.o) .dtors)
                [!provide]                        PROVIDE (__fini_array_end = .)

.ctors
 *crtbegin.o(.ctors)
 *crtbegin?.o(.ctors)
 *(EXCLUDE_FILE(*crtend?.o *crtend.o) .ctors)
 *(SORT_BY_NAME(.ctors.*))
 *(.ctors)

.dtors
 *crtbegin.o(.dtors)
 *crtbegin?.o(.dtors)
 *(EXCLUDE_FILE(*crtend?.o *crtend.o) .dtors)
 *(SORT_BY_NAME(.dtors.*))
 *(.dtors)

.dalign         0x0000000020000000        0x0 load address 0x00000000000034c0
                0x0000000020000000                . = ALIGN (0x4)
                0x0000000020000000                PROVIDE (_data_vma = .)

.dlalign        0x00000000000034c0        0x0
                0x00000000000034c0                . = ALIGN (0x4)
                0x00000000000034c0                PROVIDE (_data_lma = .)

.data           0x0000000020000000       0x80 load address 0x00000000000034c0
                0x0000000020000000                . = ALIGN (0x4)
 *(.gnu.linkonce.r.*)
 *(.data .data.*)
 .data.SystemCoreClock
                0x0000000020000000        0x4 ./build/src/system_ch32v00x.o
                0x0000000020000000                SystemCoreClock
 .data.TM_Font_11x18
                0x0000000020000004        0x8 ./build/drivers/fonts.o
                0x0000000020000004                TM_Font_11x18
 .data.TM_Font_16x26
                0x000000002000000c        0x8 ./build/drivers/fonts.o
                0x000000002000000c                TM_Font_16x26
 .data.impure_data
                0x0000000020000014       0x60 /opt/wch/RISC-V Embedded GCC/bin/../lib/gcc/riscv-none-embed/8.2.0/../../../../riscv-none-embed/lib/rv32ec/ilp32e/libg_nano.a(lib_a-impure.o)
 *(.gnu.linkonce.d.*)
                0x0000000020000078                . = ALIGN (0x8)
 *fill*         0x0000000020000074        0x4 
                0x0000000020000878                PROVIDE (__global_pointer$ = (. + 0x800))
 *(.sdata .sdata.*)
 .sdata._impure_ptr
                0x0000000020000078        0x4 /opt/wch/RISC-V Embedded GCC/bin/../lib/gcc/riscv-none-embed/8.2.0/../../../../riscv-none-embed/lib/rv32ec/ilp32e/libg_nano.a(lib_a-impure.o)
                0x0000000020000078                _impure_ptr
 *(.sdata2*)
 *(.gnu.linkonce.s.*)
                0x0000000020000080                . = ALIGN (0x8)
 *fill*         0x000000002000007c        0x4 
 *(.srodata.cst16)
 *(.srodata.cst8)
 *(.srodata.cst4)
 *(.srodata.cst2)
 *(.srodata .srodata.*)
                0x0000000020000080                . = ALIGN (0x4)
                0x0000000020000080                PROVIDE (_edata = .)

.bss            0x0000000020000080      0x420 load address 0x0000000000003540
                0x0000000020000080                . = ALIGN (0x4)
                0x0000000020000080                PROVIDE (_sbss = .)
 *(.sbss*)
 .sbss.__malloc_free_list
                0x0000000020000080        0x4 /opt/wch/RISC-V Embedded GCC/bin/../lib/gcc/riscv-none-embed/8.2.0/../../../../riscv-none-embed/lib/rv32ec/ilp32e/libg_nano.a(lib_a-nano-mallocr.o)
                0x0000000020000080                __malloc_free_list
 .sbss.__malloc_sbrk_start
                0x0000000020000084        0x4 /opt/wch/RISC-V Embedded GCC/bin/../lib/gcc/riscv-none-embed/8.2.0/../../../../riscv-none-embed/lib/rv32ec/ilp32e/libg_nano.a(lib_a-nano-mallocr.o)
                0x0000000020000084                __malloc_sbrk_start
 .sbss.heap_end.1518
                0x0000000020000088        0x4 /opt/wch/RISC-V Embedded GCC/bin/../lib/gcc/riscv-none-embed/8.2.0/../../../../riscv-none-embed/lib/rv32ec/ilp32e/libnosys.a(sbrk.o)
 *(.gnu.linkonce.sb.*)
 *(.bss*)
 .bss.delay_cnt
                0x000000002000008c        0x4 ./build/src/delay.o
                0x000000002000008c                delay_cnt
 .bss.ILI9341   0x0000000020000090        0x8 ./build/drivers/ili9341.o
                0x0000000020000090                ILI9341
 .bss.buffer    0x0000000020000098      0x400 ./build/drivers/ili9341.o
                0x0000000020000098                buffer
 .bss.ili9341_x
                0x0000000020000498        0x2 ./build/drivers/ili9341.o
                0x0000000020000498                ili9341_x
 .bss.ili9341_y
                0x000000002000049a        0x2 ./build/drivers/ili9341.o
                0x000000002000049a                ili9341_y
 *(.gnu.linkonce.b.*)
 *(COMMON*)
 COMMON         0x000000002000049c        0x4 /opt/wch/RISC-V Embedded GCC/bin/../lib/gcc/riscv-none-embed/8.2.0/../../../../riscv-none-embed/lib/rv32ec/ilp32e/libg_nano.a(lib_a-reent.o)
                0x000000002000049c                errno
                0x00000000200004a0                . = ALIGN (0x4)
                0x00000000200004a0                PROVIDE (_ebss = .)
                [!provide]                        PROVIDE (_end = _ebss)
                0x00000000200004a0                PROVIDE (end = .)

.stack          0x0000000020000700      0x100
                [!provide]                        PROVIDE (_heap_end = .)
                0x0000000020000700                . = ALIGN (0x4)
                [!provide]                        PROVIDE (_susrstack = .)
                0x0000000020000800                . = (. + __stack_size)
 *fill*         0x0000000020000700      0x100 
                0x0000000020000800                PROVIDE (_eusrstack = .)
OUTPUT(./build/ch32v003_bare_metal_spi_ili9341.elf elf32-littleriscv)

.debug_info     0x0000000000000000     0x4013
 .debug_info    0x0000000000000000      0x13a ./build/src/ch32v00x_it.o
 .debug_info    0x000000000000013a      0x48d ./build/src/delay.o
 .debug_info    0x00000000000005c7     0x108a ./build/src/main.o
 .debug_info    0x0000000000001651      0x6f9 ./build/src/spi.o
 .debug_info    0x0000000000001d4a      0x352 ./build/src/system_ch32v00x.o
 .debug_info    0x000000000000209c      0x323 ./build/src/uart.o
 .debug_info    0x00000000000023bf       0x22 ./build/startup_ch32v00x.o
 .debug_info    0x00000000000023e1      0x1c9 ./build/drivers/fonts.o
 .debug_info    0x00000000000025aa     0x1a69 ./build/drivers/ili9341.o

.debug_abbrev   0x0000000000000000      0xc37
 .debug_abbrev  0x0000000000000000       0x9e ./build/src/ch32v00x_it.o
 .debug_abbrev  0x000000000000009e      0x19c ./build/src/delay.o
 .debug_abbrev  0x000000000000023a      0x277 ./build/src/main.o
 .debug_abbrev  0x00000000000004b1      0x1a3 ./build/src/spi.o
 .debug_abbrev  0x0000000000000654      0x190 ./build/src/system_ch32v00x.o
 .debug_abbrev  0x00000000000007e4      0x13b ./build/src/uart.o
 .debug_abbrev  0x000000000000091f       0x12 ./build/startup_ch32v00x.o
 .debug_abbrev  0x0000000000000931       0xac ./build/drivers/fonts.o
 .debug_abbrev  0x00000000000009dd      0x25a ./build/drivers/ili9341.o

.debug_aranges  0x0000000000000000      0x208
 .debug_aranges
                0x0000000000000000       0x30 ./build/src/ch32v00x_it.o
 .debug_aranges
                0x0000000000000030       0x28 ./build/src/delay.o
 .debug_aranges
                0x0000000000000058       0x20 ./build/src/main.o
 .debug_aranges
                0x0000000000000078       0x40 ./build/src/spi.o
 .debug_aranges
                0x00000000000000b8       0x28 ./build/src/system_ch32v00x.o
 .debug_aranges
                0x00000000000000e0       0x38 ./build/src/uart.o
 .debug_aranges
                0x0000000000000118       0x30 ./build/startup_ch32v00x.o
 .debug_aranges
                0x0000000000000148       0x18 ./build/drivers/fonts.o
 .debug_aranges
                0x0000000000000160       0xa8 ./build/drivers/ili9341.o

.debug_ranges   0x0000000000000000      0x2c0
 .debug_ranges  0x0000000000000000       0x20 ./build/src/ch32v00x_it.o
 .debug_ranges  0x0000000000000020       0x30 ./build/src/delay.o
 .debug_ranges  0x0000000000000050       0xe0 ./build/src/main.o
 .debug_ranges  0x0000000000000130       0x30 ./build/src/spi.o
 .debug_ranges  0x0000000000000160       0x38 ./build/src/system_ch32v00x.o
 .debug_ranges  0x0000000000000198       0x28 ./build/src/uart.o
 .debug_ranges  0x00000000000001c0       0x28 ./build/startup_ch32v00x.o
 .debug_ranges  0x00000000000001e8       0xd8 ./build/drivers/ili9341.o

.debug_line     0x0000000000000000     0x2808
 .debug_line    0x0000000000000000      0x19c ./build/src/ch32v00x_it.o
 .debug_line    0x000000000000019c      0x211 ./build/src/delay.o
 .debug_line    0x00000000000003ad      0x522 ./build/src/main.o
 .debug_line    0x00000000000008cf      0x46c ./build/src/spi.o
 .debug_line    0x0000000000000d3b      0x4f3 ./build/src/system_ch32v00x.o
 .debug_line    0x000000000000122e      0x2b5 ./build/src/uart.o
 .debug_line    0x00000000000014e3      0x1a3 ./build/startup_ch32v00x.o
 .debug_line    0x0000000000001686       0xef ./build/drivers/fonts.o
 .debug_line    0x0000000000001775     0x1093 ./build/drivers/ili9341.o

.debug_str      0x0000000000000000      0xdb1
 .debug_str     0x0000000000000000      0x1c3 ./build/src/ch32v00x_it.o
                                        0x205 (size before relaxing)
 .debug_str     0x00000000000001c3      0x258 ./build/src/delay.o
                                        0x42a (size before relaxing)
 .debug_str     0x000000000000041b      0x505 ./build/src/main.o
                                        0x6fd (size before relaxing)
 .debug_str     0x0000000000000920      0x133 ./build/src/spi.o
                                        0x543 (size before relaxing)
 .debug_str     0x0000000000000a53       0xd5 ./build/src/system_ch32v00x.o
                                        0x311 (size before relaxing)
 .debug_str     0x0000000000000b28       0x47 ./build/src/uart.o
                                        0x2e5 (size before relaxing)
 .debug_str     0x0000000000000b6f       0x1f ./build/startup_ch32v00x.o
                                         0x58 (size before relaxing)
 .debug_str     0x0000000000000b8e       0x36 ./build/drivers/fonts.o
                                        0x241 (size before relaxing)
 .debug_str     0x0000000000000bc4      0x1ed ./build/drivers/ili9341.o
                                        0x654 (size before relaxing)

.comment        0x0000000000000000       0x33
 .comment       0x0000000000000000       0x33 ./build/src/ch32v00x_it.o
                                         0x34 (size before relaxing)
 .comment       0x0000000000000033       0x34 ./build/src/delay.o
 .comment       0x0000000000000033       0x34 ./build/src/main.o
 .comment       0x0000000000000033       0x34 ./build/src/spi.o
 .comment       0x0000000000000033       0x34 ./build/src/system_ch32v00x.o
 .comment       0x0000000000000033       0x34 ./build/src/uart.o
 .comment       0x0000000000000033       0x34 ./build/drivers/fonts.o
 .comment       0x0000000000000033       0x34 ./build/drivers/ili9341.o

.debug_frame    0x0000000000000000      0x610
 .debug_frame   0x0000000000000000       0x40 ./build/src/ch32v00x_it.o
 .debug_frame   0x0000000000000040       0x3c ./build/src/delay.o
 .debug_frame   0x000000000000007c       0x2c ./build/src/main.o
 .debug_frame   0x00000000000000a8       0x60 ./build/src/spi.o
 .debug_frame   0x0000000000000108       0x4c ./build/src/system_ch32v00x.o
 .debug_frame   0x0000000000000154       0x60 ./build/src/uart.o
 .debug_frame   0x00000000000001b4      0x280 ./build/drivers/ili9341.o
 .debug_frame   0x0000000000000434       0x5c /opt/wch/RISC-V Embedded GCC/bin/../lib/gcc/riscv-none-embed/8.2.0/../../../../riscv-none-embed/lib/rv32ec/ilp32e/libg_nano.a(lib_a-rand.o)
 .debug_frame   0x0000000000000490       0x30 /opt/wch/RISC-V Embedded GCC/bin/../lib/gcc/riscv-none-embed/8.2.0/../../../../riscv-none-embed/lib/rv32ec/ilp32e/libg_nano.a(lib_a-malloc.o)
 .debug_frame   0x00000000000004c0       0x38 /opt/wch/RISC-V Embedded GCC/bin/../lib/gcc/riscv-none-embed/8.2.0/../../../../riscv-none-embed/lib/rv32ec/ilp32e/libg_nano.a(lib_a-nano-mallocr.o)
 .debug_frame   0x00000000000004f8       0x30 /opt/wch/RISC-V Embedded GCC/bin/../lib/gcc/riscv-none-embed/8.2.0/../../../../riscv-none-embed/lib/rv32ec/ilp32e/libg_nano.a(lib_a-sbrkr.o)
 .debug_frame   0x0000000000000528       0x30 /opt/wch/RISC-V Embedded GCC/bin/../lib/gcc/riscv-none-embed/8.2.0/../../../../riscv-none-embed/lib/rv32ec/ilp32e/libg_nano.a(lib_a-mlock.o)
 .debug_frame   0x0000000000000558       0x64 /opt/wch/RISC-V Embedded GCC/bin/../lib/gcc/riscv-none-embed/8.2.0/../../../../riscv-none-embed/lib/rv32ec/ilp32e/libg_nano.a(lib_a-reent.o)
 .debug_frame   0x00000000000005bc       0x34 /opt/wch/RISC-V Embedded GCC/bin/../lib/gcc/riscv-none-embed/8.2.0/rv32ec/ilp32e/libgcc.a(multi3.o)
 .debug_frame   0x00000000000005f0       0x20 /opt/wch/RISC-V Embedded GCC/bin/../lib/gcc/riscv-none-embed/8.2.0/../../../../riscv-none-embed/lib/rv32ec/ilp32e/libnosys.a(sbrk.o)

.debug_loc      0x0000000000000000      0xcfa
 .debug_loc     0x0000000000000000       0x14 ./build/src/delay.o
 .debug_loc     0x0000000000000014      0x19a ./build/src/main.o
 .debug_loc     0x00000000000001ae       0x56 ./build/src/spi.o
 .debug_loc     0x0000000000000204       0x55 ./build/src/system_ch32v00x.o
 .debug_loc     0x0000000000000259       0x3f ./build/src/uart.o
 .debug_loc     0x0000000000000298      0xa62 ./build/drivers/ili9341.o
